#
# There is insufficient memory for the Java Runtime Environment to continue.
# Native memory allocation (malloc) failed to allocate 1091216 bytes. Error detail: Chunk::new
# Possible reasons:
#   The system is out of physical RAM or swap space
#   This process is running with CompressedOops enabled, and the Java Heap may be blocking the growth of the native heap
# Possible solutions:
#   Reduce memory load on the system
#   Increase physical memory or swap space
#   Check if swap backing store is full
#   Decrease Java heap size (-Xmx/-Xms)
#   Decrease number of Java threads
#   Decrease Java thread stack sizes (-Xss)
#   Set larger code cache with -XX:ReservedCodeCacheSize=
#   JVM is running with Unscaled Compressed Oops mode in which the Java heap is
#     placed in the first 4GB address space. The Java Heap base address is the
#     maximum limit for the native heap growth. Please use -XX:HeapBaseMinAddress
#     to set the Java Heap base and to place the Java Heap above 4GB virtual address.
# This output file may be truncated or incomplete.
#
#  Out of Memory Error (arena.cpp:168), pid=10772, tid=2680
#
# JRE version: OpenJDK Runtime Environment Temurin-21.0.8+9 (21.0.8+9) (build 21.0.8+9-LTS)
# Java VM: OpenJDK 64-Bit Server VM Temurin-21.0.8+9 (21.0.8+9-LTS, mixed mode, sharing, tiered, compressed oops, compressed class ptrs, parallel gc, windows-amd64)
# No core dump will be written. Minidumps are not enabled by default on client versions of Windows
#

---------------  S U M M A R Y ------------

Command Line: --add-modules=ALL-SYSTEM --add-opens=java.base/java.util=ALL-UNNAMED --add-opens=java.base/java.lang=ALL-UNNAMED --add-opens=java.base/sun.nio.fs=ALL-UNNAMED -Declipse.application=org.eclipse.jdt.ls.core.id1 -Dosgi.bundles.defaultStartLevel=4 -Declipse.product=org.eclipse.jdt.ls.core.product -Djava.import.generatesMetadataFilesAtProjectRoot=false -DDetectVMInstallationsJob.disabled=true -Dfile.encoding=utf8 -XX:+UseParallelGC -XX:GCTimeRatio=4 -XX:AdaptiveSizePolicyWeight=90 -Dsun.zip.disableMemoryMapping=true -Xmx2G -Xms100m -Xlog:disable -javaagent:c:\Users\matte\.vscode\extensions\redhat.java-1.47.0-win32-x64\lombok\lombok-1.18.39-4050.jar -XX:+HeapDumpOnOutOfMemoryError -XX:HeapDumpPath=c:\Users\matte\AppData\Roaming\Code\User\workspaceStorage\86f49aae5fcfd48ab032d6b9caee0522\redhat.java -Daether.dependencyCollector.impl=bf c:\Users\matte\.vscode\extensions\redhat.java-1.47.0-win32-x64\server\plugins\org.eclipse.equinox.launcher_1.7.100.v20251014-1222.jar -configuration c:\Users\matte\AppData\Roaming\Code\User\globalStorage\redhat.java\1.47.0\config_win -data c:\Users\matte\AppData\Roaming\Code\User\workspaceStorage\86f49aae5fcfd48ab032d6b9caee0522\redhat.java\jdt_ws --pipe=\\.\pipe\lsp-ee5f9a2043fbcfc66d9bc81c70830f57-sock

Host: 11th Gen Intel(R) Core(TM) i7-1165G7 @ 2.80GHz, 8 cores, 7G,  Windows 11 , 64 bit Build 26100 (10.0.26100.7019)
Time: Tue Nov 11 20:31:19 2025 ora solare Europa occidentale elapsed time: 29.825824 seconds (0d 0h 0m 29s)

---------------  T H R E A D  ---------------

Current thread (0x000002047f99ec50):  JavaThread "C2 CompilerThread0" daemon [_thread_in_native, id=2680, stack(0x000000a699e00000,0x000000a699f00000) (1024K)]


Current CompileTask:
C2:29825 8427 %     4       org.lombokweb.asm.SymbolTable::<init> @ 98 (554 bytes)

Stack: [0x000000a699e00000,0x000000a699f00000]
Native frames: (J=compiled Java code, j=interpreted, Vv=VM code, C=native code)
V  [jvm.dll+0x6d2449]
V  [jvm.dll+0x8ae341]
V  [jvm.dll+0x8b08be]
V  [jvm.dll+0x8b0fa3]
V  [jvm.dll+0x280c96]
V  [jvm.dll+0xc581d]
V  [jvm.dll+0xc5d53]
V  [jvm.dll+0x3b919c]
V  [jvm.dll+0x1e1409]
V  [jvm.dll+0x249022]
V  [jvm.dll+0x2484af]
V  [jvm.dll+0x1c89ee]
V  [jvm.dll+0x257d4d]
V  [jvm.dll+0x2562ea]
V  [jvm.dll+0x3f2d16]
V  [jvm.dll+0x857e6b]
V  [jvm.dll+0x6d0b0d]
C  [ucrtbase.dll+0x37b0]
C  [KERNEL32.DLL+0x2e8d7]
C  [ntdll.dll+0x8c53c]


---------------  P R O C E S S  ---------------

Threads class SMR info:
_java_thread_list=0x00000204472336a0, length=46, elements={
0x0000020468f2f230, 0x0000020468feb6f0, 0x0000020468fee770, 0x000002047f999ca0,
0x000002047f99a970, 0x000002047f99b3c0, 0x000002047f99be10, 0x000002047f99ec50,
0x000002047f9c3bf0, 0x000002044241c6a0, 0x00000204426757d0, 0x0000020447056f30,
0x0000020442d3abc0, 0x0000020442a28af0, 0x0000020442d559b0, 0x00000204473b2950,
0x0000020442eb0b60, 0x0000020442c25150, 0x0000020442c257e0, 0x0000020442c23710,
0x0000020442c23da0, 0x0000020442c25e70, 0x0000020442c24430, 0x0000020442c26500,
0x0000020442c24ac0, 0x0000020449224c90, 0x0000020449222530, 0x0000020449225320,
0x0000020449221ea0, 0x0000020449222bc0, 0x00000204492238e0, 0x00000204492259b0,
0x0000020449226040, 0x0000020449224600, 0x0000020449223250, 0x00000204492266d0,
0x0000020449226d60, 0x00000204492273f0, 0x0000020449223f70, 0x00000204492294c0,
0x0000020449228110, 0x00000204492287a0, 0x0000020449485830, 0x00000204494830d0,
0x00000204494851a0, 0x0000020449485ec0
}

Java Threads: ( => current thread )
  0x0000020468f2f230 JavaThread "main"                              [_thread_blocked, id=6212, stack(0x000000a699400000,0x000000a699500000) (1024K)]
  0x0000020468feb6f0 JavaThread "Reference Handler"          daemon [_thread_blocked, id=9192, stack(0x000000a699800000,0x000000a699900000) (1024K)]
  0x0000020468fee770 JavaThread "Finalizer"                  daemon [_thread_blocked, id=11040, stack(0x000000a699900000,0x000000a699a00000) (1024K)]
  0x000002047f999ca0 JavaThread "Signal Dispatcher"          daemon [_thread_blocked, id=2624, stack(0x000000a699a00000,0x000000a699b00000) (1024K)]
  0x000002047f99a970 JavaThread "Attach Listener"            daemon [_thread_blocked, id=2156, stack(0x000000a699b00000,0x000000a699c00000) (1024K)]
  0x000002047f99b3c0 JavaThread "Service Thread"             daemon [_thread_blocked, id=2620, stack(0x000000a699c00000,0x000000a699d00000) (1024K)]
  0x000002047f99be10 JavaThread "Monitor Deflation Thread"   daemon [_thread_blocked, id=7200, stack(0x000000a699d00000,0x000000a699e00000) (1024K)]
=>0x000002047f99ec50 JavaThread "C2 CompilerThread0"         daemon [_thread_in_native, id=2680, stack(0x000000a699e00000,0x000000a699f00000) (1024K)]
  0x000002047f9c3bf0 JavaThread "C1 CompilerThread0"         daemon [_thread_blocked, id=11216, stack(0x000000a699f00000,0x000000a69a000000) (1024K)]
  0x000002044241c6a0 JavaThread "Common-Cleaner"             daemon [_thread_blocked, id=10992, stack(0x000000a69a000000,0x000000a69a100000) (1024K)]
  0x00000204426757d0 JavaThread "Notification Thread"        daemon [_thread_blocked, id=1580, stack(0x000000a69a200000,0x000000a69a300000) (1024K)]
  0x0000020447056f30 JavaThread "Active Thread: Equinox Container: 436b42f9-dc3f-47e6-a9fa-4bc6e4a31780"        [_thread_blocked, id=1816, stack(0x000000a69a800000,0x000000a69a900000) (1024K)]
  0x0000020442d3abc0 JavaThread "Refresh Thread: Equinox Container: 436b42f9-dc3f-47e6-a9fa-4bc6e4a31780" daemon [_thread_blocked, id=2804, stack(0x000000a69aa00000,0x000000a69ab00000) (1024K)]
  0x0000020442a28af0 JavaThread "Framework Event Dispatcher: Equinox Container: 436b42f9-dc3f-47e6-a9fa-4bc6e4a31780" daemon [_thread_blocked, id=11068, stack(0x000000a69ab00000,0x000000a69ac00000) (1024K)]
  0x0000020442d559b0 JavaThread "Start Level: Equinox Container: 436b42f9-dc3f-47e6-a9fa-4bc6e4a31780" daemon [_thread_blocked, id=3404, stack(0x000000a69ac00000,0x000000a69ad00000) (1024K)]
  0x00000204473b2950 JavaThread "Bundle File Closer"         daemon [_thread_blocked, id=8640, stack(0x000000a69ad00000,0x000000a69ae00000) (1024K)]
  0x0000020442eb0b60 JavaThread "SCR Component Actor"        daemon [_thread_blocked, id=7000, stack(0x000000a69ae00000,0x000000a69af00000) (1024K)]
  0x0000020442c25150 JavaThread "Worker-JM"                         [_thread_blocked, id=9068, stack(0x000000a69af00000,0x000000a69b000000) (1024K)]
  0x0000020442c257e0 JavaThread "JNA Cleaner"                daemon [_thread_blocked, id=4912, stack(0x000000a69b000000,0x000000a69b100000) (1024K)]
  0x0000020442c23710 JavaThread "Worker-0"                          [_thread_blocked, id=8252, stack(0x000000a69b100000,0x000000a69b200000) (1024K)]
  0x0000020442c23da0 JavaThread "Worker-1"                          [_thread_blocked, id=8008, stack(0x000000a69b200000,0x000000a69b300000) (1024K)]
  0x0000020442c25e70 JavaThread "Java indexing"              daemon [_thread_blocked, id=9436, stack(0x000000a69b300000,0x000000a69b400000) (1024K)]
  0x0000020442c24430 JavaThread "Worker-2"                          [_thread_blocked, id=4504, stack(0x000000a69b600000,0x000000a69b700000) (1024K)]
  0x0000020442c26500 JavaThread "Worker-3"                          [_thread_blocked, id=4720, stack(0x000000a69b700000,0x000000a69b800000) (1024K)]
  0x0000020442c24ac0 JavaThread "Worker-4"                          [_thread_blocked, id=10048, stack(0x000000a69b800000,0x000000a69b900000) (1024K)]
  0x0000020449224c90 JavaThread "Thread-1"                   daemon [_thread_in_native, id=6504, stack(0x000000a69b900000,0x000000a69ba00000) (1024K)]
  0x0000020449222530 JavaThread "Thread-2"                   daemon [_thread_in_native, id=1512, stack(0x000000a69ba00000,0x000000a69bb00000) (1024K)]
  0x0000020449225320 JavaThread "Thread-3"                   daemon [_thread_in_native, id=10680, stack(0x000000a69bb00000,0x000000a69bc00000) (1024K)]
  0x0000020449221ea0 JavaThread "Thread-4"                   daemon [_thread_in_native, id=8448, stack(0x000000a69bc00000,0x000000a69bd00000) (1024K)]
  0x0000020449222bc0 JavaThread "Thread-5"                   daemon [_thread_in_native, id=1788, stack(0x000000a69bd00000,0x000000a69be00000) (1024K)]
  0x00000204492238e0 JavaThread "Thread-6"                   daemon [_thread_in_native, id=10820, stack(0x000000a69be00000,0x000000a69bf00000) (1024K)]
  0x00000204492259b0 JavaThread "Thread-7"                   daemon [_thread_in_native, id=7532, stack(0x000000a69bf00000,0x000000a69c000000) (1024K)]
  0x0000020449226040 JavaThread "Thread-8"                   daemon [_thread_in_native, id=6712, stack(0x000000a69c000000,0x000000a69c100000) (1024K)]
  0x0000020449224600 JavaThread "Thread-9"                   daemon [_thread_in_native, id=8244, stack(0x000000a69c100000,0x000000a69c200000) (1024K)]
  0x0000020449223250 JavaThread "Worker-5: Building"                [_thread_in_native, id=9104, stack(0x000000a69c200000,0x000000a69c300000) (1024K)]
  0x00000204492266d0 JavaThread "pool-2-thread-1"                   [_thread_blocked, id=3448, stack(0x000000a69c300000,0x000000a69c400000) (1024K)]
  0x0000020449226d60 JavaThread "Worker-6"                          [_thread_blocked, id=9372, stack(0x000000a69c400000,0x000000a69c500000) (1024K)]
  0x00000204492273f0 JavaThread "WorkspaceEventsHandler"            [_thread_blocked, id=2792, stack(0x000000a69c500000,0x000000a69c600000) (1024K)]
  0x0000020449223f70 JavaThread "pool-1-thread-1"                   [_thread_blocked, id=6028, stack(0x000000a69c600000,0x000000a69c700000) (1024K)]
  0x00000204492294c0 JavaThread "ForkJoinPool.commonPool-worker-1" daemon [_thread_blocked, id=2376, stack(0x000000a69c700000,0x000000a69c800000) (1024K)]
  0x0000020449228110 JavaThread "ForkJoinPool.commonPool-worker-2" daemon [_thread_blocked, id=11196, stack(0x000000a69c800000,0x000000a69c900000) (1024K)]
  0x00000204492287a0 JavaThread "ForkJoinPool.commonPool-worker-3" daemon [_thread_blocked, id=10868, stack(0x000000a69c900000,0x000000a69ca00000) (1024K)]
  0x0000020449485830 JavaThread "ForkJoinPool.commonPool-worker-4" daemon [_thread_blocked, id=1408, stack(0x000000a69ca00000,0x000000a69cb00000) (1024K)]
  0x00000204494830d0 JavaThread "ForkJoinPool.commonPool-worker-5" daemon [_thread_blocked, id=7524, stack(0x000000a69cb00000,0x000000a69cc00000) (1024K)]
  0x00000204494851a0 JavaThread "Compiler Source File Reader" daemon [_thread_blocked, id=8268, stack(0x000000a69cc00000,0x000000a69cd00000) (1024K)]
  0x0000020449485ec0 JavaThread "Compiler Processing Task"   daemon [_thread_blocked, id=8360, stack(0x000000a69cd00000,0x000000a69ce00000) (1024K)]
Total: 46

Other Threads:
  0x0000020466c9afc0 VMThread "VM Thread"                           [id=4036, stack(0x000000a699700000,0x000000a699800000) (1024K)]
  0x0000020468f9add0 WatcherThread "VM Periodic Task Thread"        [id=10440, stack(0x000000a699600000,0x000000a699700000) (1024K)]
  0x0000020466c9c920 WorkerThread "GC Thread#0"                     [id=6912, stack(0x000000a699500000,0x000000a699600000) (1024K)]
  0x0000020466c9baa0 WorkerThread "GC Thread#1"                     [id=8356, stack(0x000000a69a100000,0x000000a69a200000) (1024K)]
  0x0000020466c9be40 WorkerThread "GC Thread#2"                     [id=6684, stack(0x000000a69a300000,0x000000a69a400000) (1024K)]
  0x0000020442f55030 WorkerThread "GC Thread#3"                     [id=1844, stack(0x000000a69a400000,0x000000a69a500000) (1024K)]
  0x0000020442f54c90 WorkerThread "GC Thread#4"                     [id=10908, stack(0x000000a69a500000,0x000000a69a600000) (1024K)]
  0x0000020442f53a70 WorkerThread "GC Thread#5"                     [id=9508, stack(0x000000a69a600000,0x000000a69a700000) (1024K)]
  0x0000020442f53e10 WorkerThread "GC Thread#6"                     [id=2044, stack(0x000000a69a700000,0x000000a69a800000) (1024K)]
  0x0000020442f52850 WorkerThread "GC Thread#7"                     [id=9708, stack(0x000000a69a900000,0x000000a69aa00000) (1024K)]
Total: 10

Threads with active compile tasks:
C2 CompilerThread0  29852 8427 %     4       org.lombokweb.asm.SymbolTable::<init> @ 98 (554 bytes)
Total: 1

VM state: not at safepoint (normal execution)

VM Mutex/Monitor currently owned by a thread: None

Heap address: 0x0000000080000000, size: 2048 MB, Compressed Oops mode: 32-bit

CDS archive(s) mapped at: [0x0000020400000000-0x0000020400ba0000-0x0000020400ba0000), size 12189696, SharedBaseAddress: 0x0000020400000000, ArchiveRelocationMode: 1.
Compressed class space mapped at: 0x0000020401000000-0x0000020441000000, reserved size: 1073741824
Narrow klass base: 0x0000020400000000, Narrow klass shift: 0, Narrow klass range: 0x100000000

GC Precious Log:
 CardTable entry size: 512
 CPUs: 8 total, 8 available
 Memory: 7975M
 Large Page Support: Disabled
 NUMA Support: Disabled
 Compressed Oops: Enabled (32-bit)
 Alignments: Space 512K, Generation 512K, Heap 2M
 Heap Min Capacity: 100M
 Heap Initial Capacity: 100M
 Heap Max Capacity: 2G
 Pre-touch: Disabled
 Parallel Workers: 8

Heap:
 PSYoungGen      total 20992K, used 17581K [0x00000000d5580000, 0x00000000d6b80000, 0x0000000100000000)
  eden space 19456K, 84% used [0x00000000d5580000,0x00000000d659bb38,0x00000000d6880000)
  from space 1536K, 70% used [0x00000000d6900000,0x00000000d6a0fba8,0x00000000d6a80000)
  to   space 1024K, 0% used [0x00000000d6a80000,0x00000000d6a80000,0x00000000d6b80000)
 ParOldGen       total 68608K, used 39937K [0x0000000080000000, 0x0000000084300000, 0x00000000d5580000)
  object space 68608K, 58% used [0x0000000080000000,0x0000000082700668,0x0000000084300000)
 Metaspace       used 60693K, committed 62080K, reserved 1114112K
  class space    used 6501K, committed 7104K, reserved 1048576K

Card table byte_map: [0x00000204688d0000,0x0000020468ce0000] _byte_map_base: 0x00000204684d0000

Marking Bits: (ParMarkBitMap*) 0x00007ffe1b29a340
 Begin Bits: [0x000002047b3d0000, 0x000002047d3d0000)
 End Bits:   [0x000002047d3d0000, 0x000002047f3d0000)

Polling page: 0x0000020468690000

Metaspace:

Usage:
  Non-class:     52.92 MB used.
      Class:      6.35 MB used.
       Both:     59.27 MB used.

Virtual space:
  Non-class space:       64.00 MB reserved,      53.69 MB ( 84%) committed,  1 nodes.
      Class space:        1.00 GB reserved,       6.94 MB ( <1%) committed,  1 nodes.
             Both:        1.06 GB reserved,      60.62 MB (  6%) committed. 

Chunk freelists:
   Non-Class:  9.91 MB
       Class:  8.91 MB
        Both:  18.81 MB

MaxMetaspaceSize: unlimited
CompressedClassSpaceSize: 1.00 GB
Initial GC threshold: 21.00 MB
Current GC threshold: 97.31 MB
CDS: on
 - commit_granule_bytes: 65536.
 - commit_granule_words: 8192.
 - virtual_space_node_default_size: 8388608.
 - enlarge_chunks_in_place: 1.
 - use_allocation_guard: 0.


Internal statistics:

num_allocs_failed_limit: 9.
num_arena_births: 1086.
num_arena_deaths: 92.
num_vsnodes_births: 2.
num_vsnodes_deaths: 0.
num_space_committed: 970.
num_space_uncommitted: 0.
num_chunks_returned_to_freelist: 133.
num_chunks_taken_from_freelist: 3836.
num_chunk_merges: 54.
num_chunk_splits: 2390.
num_chunks_enlarged: 1458.
num_inconsistent_stats: 0.

CodeHeap 'non-profiled nmethods': size=120000Kb used=3469Kb max_used=3469Kb free=116530Kb
 bounds [0x0000020473bf0000, 0x0000020473f60000, 0x000002047b120000]
CodeHeap 'profiled nmethods': size=120000Kb used=16761Kb max_used=16761Kb free=103238Kb
 bounds [0x000002046c120000, 0x000002046d180000, 0x0000020473650000]
CodeHeap 'non-nmethods': size=5760Kb used=1442Kb max_used=1469Kb free=4317Kb
 bounds [0x0000020473650000, 0x00000204738c0000, 0x0000020473bf0000]
CodeCache: size=245760Kb, used=21672Kb, max_used=21699Kb, free=224085Kb
 total_blobs=8614, nmethods=7865, adapters=655, full_count=0
Compilation: enabled, stopped_count=0, restarted_count=0

Compilation events (20 events):
Event: 28.811 Thread 0x000002047f9c3bf0 8559       2       org.eclipse.jdt.internal.compiler.ast.ASTNode::reportPreviewAPI (22 bytes)
Event: 28.811 Thread 0x000002047f9c3bf0 nmethod 8559 0x000002046d17a210 code [0x000002046d17a3c0, 0x000002046d17a558]
Event: 28.811 Thread 0x000002047f9c3bf0 8561       2       org.eclipse.jdt.internal.compiler.lookup.LookupEnvironment::getResolvedJavaBaseType (12 bytes)
Event: 28.812 Thread 0x000002047f9c3bf0 nmethod 8561 0x000002046d17a690 code [0x000002046d17a840, 0x000002046d17a9b8]
Event: 28.812 Thread 0x000002047f9c3bf0 8557       2       org.eclipse.jdt.internal.compiler.lookup.MethodScope::isLambdaScope (8 bytes)
Event: 28.812 Thread 0x000002047f9c3bf0 nmethod 8557 0x000002046d17aa90 code [0x000002046d17ac20, 0x000002046d17ad68]
Event: 28.812 Thread 0x000002047f9c3bf0 8562       1       org.eclipse.core.internal.dtree.AbstractDataTreeNode::isDeleted (2 bytes)
Event: 28.812 Thread 0x000002047f9c3bf0 nmethod 8562 0x0000020473f52f10 code [0x0000020473f530a0, 0x0000020473f53168]
Event: 28.813 Thread 0x000002047f9c3bf0 8563       1       org.eclipse.core.internal.resources.Workspace::getMarkerManager (5 bytes)
Event: 28.813 Thread 0x000002047f9c3bf0 nmethod 8563 0x0000020473f53210 code [0x0000020473f533a0, 0x0000020473f53468]
Event: 28.813 Thread 0x000002047f9c3bf0 8564       2       java.lang.ThreadLocal::remove (16 bytes)
Event: 28.813 Thread 0x000002047f9c3bf0 nmethod 8564 0x000002046d17ae10 code [0x000002046d17afc0, 0x000002046d17b140]
Event: 28.813 Thread 0x000002047f9c3bf0 8566       2       java.lang.ThreadLocal$ThreadLocalMap::remove (68 bytes)
Event: 28.813 Thread 0x000002047f9c3bf0 nmethod 8566 0x000002046d17b210 code [0x000002046d17b3e0, 0x000002046d17b6a0]
Event: 28.813 Thread 0x000002047f9c3bf0 8567       3       org.eclipse.core.runtime.Path::computeSegmentCount (86 bytes)
Event: 28.813 Thread 0x000002047f9c3bf0 nmethod 8567 0x000002046d17b890 code [0x000002046d17bb20, 0x000002046d17c898]
Event: 28.813 Thread 0x000002047f9c3bf0 8565       2       java.lang.ThreadLocal::remove (8 bytes)
Event: 28.814 Thread 0x000002047f9c3bf0 nmethod 8565 0x000002046d17ce10 code [0x000002046d17cfc0, 0x000002046d17d148]
Event: 28.820 Thread 0x000002047f9c3bf0 8568       2       lombok.launch.ShadowClassLoader::exclusionListMatch (44 bytes)
Event: 28.820 Thread 0x000002047f9c3bf0 nmethod 8568 0x000002046d17d290 code [0x000002046d17d480, 0x000002046d17d748]

GC Heap History (20 events):
Event: 25.410 GC heap before
{Heap before GC invocations=31 (full 2):
 PSYoungGen      total 21504K, used 21272K [0x00000000d5580000, 0x00000000d6f00000, 0x0000000100000000)
  eden space 19456K, 100% used [0x00000000d5580000,0x00000000d6880000,0x00000000d6880000)
  from space 2048K, 88% used [0x00000000d6d00000,0x00000000d6ec6200,0x00000000d6f00000)
  to   space 2560K, 0% used [0x00000000d6a00000,0x00000000d6a00000,0x00000000d6c80000)
 ParOldGen       total 68608K, used 38957K [0x0000000080000000, 0x0000000084300000, 0x00000000d5580000)
  object space 68608K, 56% used [0x0000000080000000,0x000000008260b680,0x0000000084300000)
 Metaspace       used 48676K, committed 50048K, reserved 1114112K
  class space    used 5287K, committed 5888K, reserved 1048576K
}
Event: 25.414 GC heap after
{Heap after GC invocations=31 (full 2):
 PSYoungGen      total 21504K, used 1728K [0x00000000d5580000, 0x00000000d6d80000, 0x0000000100000000)
  eden space 19456K, 0% used [0x00000000d5580000,0x00000000d5580000,0x00000000d6880000)
  from space 2048K, 84% used [0x00000000d6a00000,0x00000000d6bb0000,0x00000000d6c00000)
  to   space 1536K, 0% used [0x00000000d6c00000,0x00000000d6c00000,0x00000000d6d80000)
 ParOldGen       total 68608K, used 40702K [0x0000000080000000, 0x0000000084300000, 0x00000000d5580000)
  object space 68608K, 59% used [0x0000000080000000,0x00000000827bf880,0x0000000084300000)
 Metaspace       used 48676K, committed 50048K, reserved 1114112K
  class space    used 5287K, committed 5888K, reserved 1048576K
}
Event: 25.845 GC heap before
{Heap before GC invocations=32 (full 2):
 PSYoungGen      total 21504K, used 21184K [0x00000000d5580000, 0x00000000d6d80000, 0x0000000100000000)
  eden space 19456K, 100% used [0x00000000d5580000,0x00000000d6880000,0x00000000d6880000)
  from space 2048K, 84% used [0x00000000d6a00000,0x00000000d6bb0000,0x00000000d6c00000)
  to   space 1536K, 0% used [0x00000000d6c00000,0x00000000d6c00000,0x00000000d6d80000)
 ParOldGen       total 68608K, used 40702K [0x0000000080000000, 0x0000000084300000, 0x00000000d5580000)
  object space 68608K, 59% used [0x0000000080000000,0x00000000827bf880,0x0000000084300000)
 Metaspace       used 50745K, committed 52032K, reserved 1114112K
  class space    used 5518K, committed 6080K, reserved 1048576K
}
Event: 25.847 GC heap after
{Heap after GC invocations=32 (full 2):
 PSYoungGen      total 20480K, used 1012K [0x00000000d5580000, 0x00000000d6d00000, 0x0000000100000000)
  eden space 19456K, 0% used [0x00000000d5580000,0x00000000d5580000,0x00000000d6880000)
  from space 1024K, 98% used [0x00000000d6c00000,0x00000000d6cfd3d8,0x00000000d6d00000)
  to   space 1536K, 0% used [0x00000000d6a00000,0x00000000d6a00000,0x00000000d6b80000)
 ParOldGen       total 68608K, used 42263K [0x0000000080000000, 0x0000000084300000, 0x00000000d5580000)
  object space 68608K, 61% used [0x0000000080000000,0x0000000082945e60,0x0000000084300000)
 Metaspace       used 50745K, committed 52032K, reserved 1114112K
  class space    used 5518K, committed 6080K, reserved 1048576K
}
Event: 26.211 GC heap before
{Heap before GC invocations=33 (full 2):
 PSYoungGen      total 20480K, used 20415K [0x00000000d5580000, 0x00000000d6d00000, 0x0000000100000000)
  eden space 19456K, 99% used [0x00000000d5580000,0x00000000d6872968,0x00000000d6880000)
  from space 1024K, 98% used [0x00000000d6c00000,0x00000000d6cfd3d8,0x00000000d6d00000)
  to   space 1536K, 0% used [0x00000000d6a00000,0x00000000d6a00000,0x00000000d6b80000)
 ParOldGen       total 68608K, used 42263K [0x0000000080000000, 0x0000000084300000, 0x00000000d5580000)
  object space 68608K, 61% used [0x0000000080000000,0x0000000082945e60,0x0000000084300000)
 Metaspace       used 51530K, committed 52864K, reserved 1114112K
  class space    used 5623K, committed 6208K, reserved 1048576K
}
Event: 26.212 GC heap after
{Heap after GC invocations=33 (full 2):
 PSYoungGen      total 20992K, used 436K [0x00000000d5580000, 0x00000000d6c80000, 0x0000000100000000)
  eden space 19456K, 0% used [0x00000000d5580000,0x00000000d5580000,0x00000000d6880000)
  from space 1536K, 28% used [0x00000000d6a00000,0x00000000d6a6d2f8,0x00000000d6b80000)
  to   space 1024K, 0% used [0x00000000d6b80000,0x00000000d6b80000,0x00000000d6c80000)
 ParOldGen       total 68608K, used 43055K [0x0000000080000000, 0x0000000084300000, 0x00000000d5580000)
  object space 68608K, 62% used [0x0000000080000000,0x0000000082a0be68,0x0000000084300000)
 Metaspace       used 51530K, committed 52864K, reserved 1114112K
  class space    used 5623K, committed 6208K, reserved 1048576K
}
Event: 26.461 GC heap before
{Heap before GC invocations=34 (full 2):
 PSYoungGen      total 20992K, used 19892K [0x00000000d5580000, 0x00000000d6c80000, 0x0000000100000000)
  eden space 19456K, 99% used [0x00000000d5580000,0x00000000d687fea0,0x00000000d6880000)
  from space 1536K, 28% used [0x00000000d6a00000,0x00000000d6a6d2f8,0x00000000d6b80000)
  to   space 1024K, 0% used [0x00000000d6b80000,0x00000000d6b80000,0x00000000d6c80000)
 ParOldGen       total 68608K, used 43055K [0x0000000080000000, 0x0000000084300000, 0x00000000d5580000)
  object space 68608K, 62% used [0x0000000080000000,0x0000000082a0be68,0x0000000084300000)
 Metaspace       used 53273K, committed 54592K, reserved 1114112K
  class space    used 5787K, committed 6336K, reserved 1048576K
}
Event: 26.463 GC heap after
{Heap after GC invocations=34 (full 2):
 PSYoungGen      total 20480K, used 1018K [0x00000000d5580000, 0x00000000d6e80000, 0x0000000100000000)
  eden space 19456K, 0% used [0x00000000d5580000,0x00000000d5580000,0x00000000d6880000)
  from space 1024K, 99% used [0x00000000d6b80000,0x00000000d6c7eb30,0x00000000d6c80000)
  to   space 3072K, 0% used [0x00000000d6880000,0x00000000d6880000,0x00000000d6b80000)
 ParOldGen       total 68608K, used 44446K [0x0000000080000000, 0x0000000084300000, 0x00000000d5580000)
  object space 68608K, 64% used [0x0000000080000000,0x0000000082b67a00,0x0000000084300000)
 Metaspace       used 53273K, committed 54592K, reserved 1114112K
  class space    used 5787K, committed 6336K, reserved 1048576K
}
Event: 26.524 GC heap before
{Heap before GC invocations=35 (full 2):
 PSYoungGen      total 20480K, used 20474K [0x00000000d5580000, 0x00000000d6e80000, 0x0000000100000000)
  eden space 19456K, 100% used [0x00000000d5580000,0x00000000d6880000,0x00000000d6880000)
  from space 1024K, 99% used [0x00000000d6b80000,0x00000000d6c7eb30,0x00000000d6c80000)
  to   space 3072K, 0% used [0x00000000d6880000,0x00000000d6880000,0x00000000d6b80000)
 ParOldGen       total 68608K, used 44446K [0x0000000080000000, 0x0000000084300000, 0x00000000d5580000)
  object space 68608K, 64% used [0x0000000080000000,0x0000000082b67a00,0x0000000084300000)
 Metaspace       used 53401K, committed 54720K, reserved 1114112K
  class space    used 5792K, committed 6336K, reserved 1048576K
}
Event: 26.526 GC heap after
{Heap after GC invocations=35 (full 2):
 PSYoungGen      total 20992K, used 1203K [0x00000000d5580000, 0x00000000d6c80000, 0x0000000100000000)
  eden space 19456K, 0% used [0x00000000d5580000,0x00000000d5580000,0x00000000d6880000)
  from space 1536K, 78% used [0x00000000d6880000,0x00000000d69acdf8,0x00000000d6a00000)
  to   space 2048K, 0% used [0x00000000d6a80000,0x00000000d6a80000,0x00000000d6c80000)
 ParOldGen       total 68608K, used 45474K [0x0000000080000000, 0x0000000084300000, 0x00000000d5580000)
  object space 68608K, 66% used [0x0000000080000000,0x0000000082c688c8,0x0000000084300000)
 Metaspace       used 53401K, committed 54720K, reserved 1114112K
  class space    used 5792K, committed 6336K, reserved 1048576K
}
Event: 26.601 GC heap before
{Heap before GC invocations=36 (full 2):
 PSYoungGen      total 20992K, used 20659K [0x00000000d5580000, 0x00000000d6c80000, 0x0000000100000000)
  eden space 19456K, 100% used [0x00000000d5580000,0x00000000d6880000,0x00000000d6880000)
  from space 1536K, 78% used [0x00000000d6880000,0x00000000d69acdf8,0x00000000d6a00000)
  to   space 2048K, 0% used [0x00000000d6a80000,0x00000000d6a80000,0x00000000d6c80000)
 ParOldGen       total 68608K, used 45474K [0x0000000080000000, 0x0000000084300000, 0x00000000d5580000)
  object space 68608K, 66% used [0x0000000080000000,0x0000000082c688c8,0x0000000084300000)
 Metaspace       used 54334K, committed 55680K, reserved 1114112K
  class space    used 5867K, committed 6464K, reserved 1048576K
}
Event: 26.603 GC heap after
{Heap after GC invocations=36 (full 2):
 PSYoungGen      total 19968K, used 346K [0x00000000d5580000, 0x00000000d6b00000, 0x0000000100000000)
  eden space 19456K, 0% used [0x00000000d5580000,0x00000000d5580000,0x00000000d6880000)
  from space 512K, 67% used [0x00000000d6a80000,0x00000000d6ad6a50,0x00000000d6b00000)
  to   space 1024K, 0% used [0x00000000d6900000,0x00000000d6900000,0x00000000d6a00000)
 ParOldGen       total 68608K, used 45683K [0x0000000080000000, 0x0000000084300000, 0x00000000d5580000)
  object space 68608K, 66% used [0x0000000080000000,0x0000000082c9cf40,0x0000000084300000)
 Metaspace       used 54334K, committed 55680K, reserved 1114112K
  class space    used 5867K, committed 6464K, reserved 1048576K
}
Event: 27.072 GC heap before
{Heap before GC invocations=37 (full 2):
 PSYoungGen      total 19968K, used 19802K [0x00000000d5580000, 0x00000000d6b00000, 0x0000000100000000)
  eden space 19456K, 100% used [0x00000000d5580000,0x00000000d6880000,0x00000000d6880000)
  from space 512K, 67% used [0x00000000d6a80000,0x00000000d6ad6a50,0x00000000d6b00000)
  to   space 1024K, 0% used [0x00000000d6900000,0x00000000d6900000,0x00000000d6a00000)
 ParOldGen       total 68608K, used 45683K [0x0000000080000000, 0x0000000084300000, 0x00000000d5580000)
  object space 68608K, 66% used [0x0000000080000000,0x0000000082c9cf40,0x0000000084300000)
 Metaspace       used 57022K, committed 58368K, reserved 1114112K
  class space    used 6153K, committed 6720K, reserved 1048576K
}
Event: 27.075 GC heap after
{Heap after GC invocations=37 (full 2):
 PSYoungGen      total 20480K, used 999K [0x00000000d5580000, 0x00000000d6c80000, 0x0000000100000000)
  eden space 19456K, 0% used [0x00000000d5580000,0x00000000d5580000,0x00000000d6880000)
  from space 1024K, 97% used [0x00000000d6900000,0x00000000d69f9c70,0x00000000d6a00000)
  to   space 2048K, 0% used [0x00000000d6a80000,0x00000000d6a80000,0x00000000d6c80000)
 ParOldGen       total 68608K, used 46442K [0x0000000080000000, 0x0000000084300000, 0x00000000d5580000)
  object space 68608K, 67% used [0x0000000080000000,0x0000000082d5a910,0x0000000084300000)
 Metaspace       used 57022K, committed 58368K, reserved 1114112K
  class space    used 6153K, committed 6720K, reserved 1048576K
}
Event: 27.381 GC heap before
{Heap before GC invocations=38 (full 2):
 PSYoungGen      total 20480K, used 14036K [0x00000000d5580000, 0x00000000d6c80000, 0x0000000100000000)
  eden space 19456K, 67% used [0x00000000d5580000,0x00000000d623b560,0x00000000d6880000)
  from space 1024K, 97% used [0x00000000d6900000,0x00000000d69f9c70,0x00000000d6a00000)
  to   space 2048K, 0% used [0x00000000d6a80000,0x00000000d6a80000,0x00000000d6c80000)
 ParOldGen       total 68608K, used 46442K [0x0000000080000000, 0x0000000084300000, 0x00000000d5580000)
  object space 68608K, 67% used [0x0000000080000000,0x0000000082d5a910,0x0000000084300000)
 Metaspace       used 58413K, committed 59776K, reserved 1114112K
  class space    used 6283K, committed 6848K, reserved 1048576K
}
Event: 27.383 GC heap after
{Heap after GC invocations=38 (full 2):
 PSYoungGen      total 20992K, used 1350K [0x00000000d5580000, 0x00000000d6c00000, 0x0000000100000000)
  eden space 19456K, 0% used [0x00000000d5580000,0x00000000d5580000,0x00000000d6880000)
  from space 1536K, 87% used [0x00000000d6a80000,0x00000000d6bd1b30,0x00000000d6c00000)
  to   space 1536K, 0% used [0x00000000d6900000,0x00000000d6900000,0x00000000d6a80000)
 ParOldGen       total 68608K, used 47427K [0x0000000080000000, 0x0000000084300000, 0x00000000d5580000)
  object space 68608K, 69% used [0x0000000080000000,0x0000000082e50e30,0x0000000084300000)
 Metaspace       used 58413K, committed 59776K, reserved 1114112K
  class space    used 6283K, committed 6848K, reserved 1048576K
}
Event: 27.383 GC heap before
{Heap before GC invocations=39 (full 3):
 PSYoungGen      total 20992K, used 1350K [0x00000000d5580000, 0x00000000d6c00000, 0x0000000100000000)
  eden space 19456K, 0% used [0x00000000d5580000,0x00000000d5580000,0x00000000d6880000)
  from space 1536K, 87% used [0x00000000d6a80000,0x00000000d6bd1b30,0x00000000d6c00000)
  to   space 1536K, 0% used [0x00000000d6900000,0x00000000d6900000,0x00000000d6a80000)
 ParOldGen       total 68608K, used 47427K [0x0000000080000000, 0x0000000084300000, 0x00000000d5580000)
  object space 68608K, 69% used [0x0000000080000000,0x0000000082e50e30,0x0000000084300000)
 Metaspace       used 58413K, committed 59776K, reserved 1114112K
  class space    used 6283K, committed 6848K, reserved 1048576K
}
Event: 27.482 GC heap after
{Heap after GC invocations=39 (full 3):
 PSYoungGen      total 20992K, used 0K [0x00000000d5580000, 0x00000000d6c00000, 0x0000000100000000)
  eden space 19456K, 0% used [0x00000000d5580000,0x00000000d5580000,0x00000000d6880000)
  from space 1536K, 0% used [0x00000000d6a80000,0x00000000d6a80000,0x00000000d6c00000)
  to   space 1536K, 0% used [0x00000000d6900000,0x00000000d6900000,0x00000000d6a80000)
 ParOldGen       total 68608K, used 39929K [0x0000000080000000, 0x0000000084300000, 0x00000000d5580000)
  object space 68608K, 58% used [0x0000000080000000,0x00000000826fe668,0x0000000084300000)
 Metaspace       used 58341K, committed 59776K, reserved 1114112K
  class space    used 6263K, committed 6848K, reserved 1048576K
}
Event: 28.692 GC heap before
{Heap before GC invocations=40 (full 3):
 PSYoungGen      total 20992K, used 19456K [0x00000000d5580000, 0x00000000d6c00000, 0x0000000100000000)
  eden space 19456K, 100% used [0x00000000d5580000,0x00000000d6880000,0x00000000d6880000)
  from space 1536K, 0% used [0x00000000d6a80000,0x00000000d6a80000,0x00000000d6c00000)
  to   space 1536K, 0% used [0x00000000d6900000,0x00000000d6900000,0x00000000d6a80000)
 ParOldGen       total 68608K, used 39929K [0x0000000080000000, 0x0000000084300000, 0x00000000d5580000)
  object space 68608K, 58% used [0x0000000080000000,0x00000000826fe668,0x0000000084300000)
 Metaspace       used 59688K, committed 60992K, reserved 1114112K
  class space    used 6396K, committed 6976K, reserved 1048576K
}
Event: 28.693 GC heap after
{Heap after GC invocations=40 (full 3):
 PSYoungGen      total 20992K, used 1086K [0x00000000d5580000, 0x00000000d6b80000, 0x0000000100000000)
  eden space 19456K, 0% used [0x00000000d5580000,0x00000000d5580000,0x00000000d6880000)
  from space 1536K, 70% used [0x00000000d6900000,0x00000000d6a0fba8,0x00000000d6a80000)
  to   space 1024K, 0% used [0x00000000d6a80000,0x00000000d6a80000,0x00000000d6b80000)
 ParOldGen       total 68608K, used 39937K [0x0000000080000000, 0x0000000084300000, 0x00000000d5580000)
  object space 68608K, 58% used [0x0000000080000000,0x0000000082700668,0x0000000084300000)
 Metaspace       used 59688K, committed 60992K, reserved 1114112K
  class space    used 6396K, committed 6976K, reserved 1048576K
}

Dll operation events (10 events):
Event: 0.036 Loaded shared library c:\Users\matte\.vscode\extensions\redhat.java-1.47.0-win32-x64\jre\21.0.8-win32-x86_64\bin\java.dll
Event: 0.168 Loaded shared library c:\Users\matte\.vscode\extensions\redhat.java-1.47.0-win32-x64\jre\21.0.8-win32-x86_64\bin\zip.dll
Event: 0.202 Loaded shared library C:\Users\matte\.vscode\extensions\redhat.java-1.47.0-win32-x64\jre\21.0.8-win32-x86_64\bin\instrument.dll
Event: 0.214 Loaded shared library C:\Users\matte\.vscode\extensions\redhat.java-1.47.0-win32-x64\jre\21.0.8-win32-x86_64\bin\net.dll
Event: 0.218 Loaded shared library C:\Users\matte\.vscode\extensions\redhat.java-1.47.0-win32-x64\jre\21.0.8-win32-x86_64\bin\nio.dll
Event: 0.223 Loaded shared library C:\Users\matte\.vscode\extensions\redhat.java-1.47.0-win32-x64\jre\21.0.8-win32-x86_64\bin\zip.dll
Event: 0.259 Loaded shared library C:\Users\matte\.vscode\extensions\redhat.java-1.47.0-win32-x64\jre\21.0.8-win32-x86_64\bin\jimage.dll
Event: 0.394 Loaded shared library c:\Users\matte\.vscode\extensions\redhat.java-1.47.0-win32-x64\jre\21.0.8-win32-x86_64\bin\verify.dll
Event: 8.493 Loaded shared library C:\Users\matte\AppData\Roaming\Code\User\globalStorage\redhat.java\1.47.0\config_win\org.eclipse.equinox.launcher\org.eclipse.equinox.launcher.win32.win32.x86_64_1.2.1400.v20250801-0854\eclipse_11916.dll
Event: 18.689 Loaded shared library C:\Users\matte\AppData\Local\Temp\jna-74116017\jna5886313786046093288.dll

Deoptimization events (20 events):
Event: 28.703 Thread 0x0000020442c24ac0 DEOPT PACKING pc=0x000002046c70e3be sp=0x000000a69b8fe590
Event: 28.703 Thread 0x0000020442c24ac0 DEOPT UNPACKING pc=0x00000204736a78e2 sp=0x000000a69b8fdad0 mode 0
Event: 28.715 Thread 0x0000020442c26500 DEOPT PACKING pc=0x000002046cdcdd0b sp=0x000000a69b7fe340
Event: 28.715 Thread 0x0000020442c26500 DEOPT UNPACKING pc=0x00000204736a78e2 sp=0x000000a69b7fd828 mode 0
Event: 28.719 Thread 0x0000020442c26500 DEOPT PACKING pc=0x000002046cdcdd0b sp=0x000000a69b7fe530
Event: 28.719 Thread 0x0000020442c26500 DEOPT UNPACKING pc=0x00000204736a78e2 sp=0x000000a69b7fda18 mode 0
Event: 28.753 Thread 0x0000020449223250 Uncommon trap: trap_request=0xffffff45 fr.pc=0x0000020473f2e85c relative=0x000000000000575c
Event: 28.753 Thread 0x0000020449223250 Uncommon trap: reason=unstable_if action=reinterpret pc=0x0000020473f2e85c method=lombok.patcher.MethodTarget.matches(Ljava/lang/String;Ljava/lang/String;Ljava/lang/String;)Z @ 18 c2
Event: 28.753 Thread 0x0000020449223250 DEOPT PACKING pc=0x0000020473f2e85c sp=0x000000a69c2fa610
Event: 28.753 Thread 0x0000020449223250 DEOPT UNPACKING pc=0x00000204736a6da2 sp=0x000000a69c2fa510 mode 2
Event: 28.766 Thread 0x0000020442c26500 DEOPT PACKING pc=0x000002046d113181 sp=0x000000a69b7fdff0
Event: 28.766 Thread 0x0000020442c26500 DEOPT UNPACKING pc=0x00000204736a78e2 sp=0x000000a69b7fd418 mode 0
Event: 28.769 Thread 0x0000020442c26500 DEOPT PACKING pc=0x000002046cdcdd0b sp=0x000000a69b7fe5b0
Event: 28.769 Thread 0x0000020442c26500 DEOPT UNPACKING pc=0x00000204736a78e2 sp=0x000000a69b7fda98 mode 0
Event: 28.772 Thread 0x0000020442c26500 DEOPT PACKING pc=0x000002046d023335 sp=0x000000a69b7fe8f0
Event: 28.772 Thread 0x0000020442c26500 DEOPT UNPACKING pc=0x00000204736a78e2 sp=0x000000a69b7fdd98 mode 0
Event: 28.777 Thread 0x0000020449485ec0 DEOPT PACKING pc=0x000002046d094aae sp=0x000000a69cdfec70
Event: 28.777 Thread 0x0000020449485ec0 DEOPT UNPACKING pc=0x00000204736a78e2 sp=0x000000a69cdfe1b0 mode 0
Event: 28.782 Thread 0x0000020442c26500 DEOPT PACKING pc=0x000002046d0409dd sp=0x000000a69b7fe1f0
Event: 28.782 Thread 0x0000020442c26500 DEOPT UNPACKING pc=0x00000204736a78e2 sp=0x000000a69b7fd8e0 mode 0

Classes loaded (20 events):
Event: 27.533 Loading class java/util/Hashtable$KeySet
Event: 27.533 Loading class java/util/Hashtable$KeySet done
Event: 27.604 Loading class java/util/HashMap$EntrySpliterator
Event: 27.605 Loading class java/util/HashMap$EntrySpliterator done
Event: 27.608 Loading class java/util/stream/ReduceOps$5
Event: 27.608 Loading class java/util/stream/ReduceOps$5 done
Event: 27.608 Loading class java/util/stream/ReduceOps$CountingSink$OfRef
Event: 27.608 Loading class java/util/stream/ReduceOps$CountingSink
Event: 27.608 Loading class java/util/stream/ReduceOps$CountingSink done
Event: 27.608 Loading class java/util/stream/ReduceOps$CountingSink$OfRef done
Event: 28.698 Loading class java/util/stream/ReduceOps$1
Event: 28.698 Loading class java/util/stream/ReduceOps$1 done
Event: 28.698 Loading class java/util/stream/ReduceOps$1ReducingSink
Event: 28.698 Loading class java/util/stream/ReduceOps$1ReducingSink done
Event: 28.743 Loading class java/util/zip/CheckedInputStream
Event: 28.743 Loading class java/util/zip/CheckedInputStream done
Event: 28.768 Loading class java/nio/file/Files$2
Event: 28.768 Loading class java/nio/file/Files$2 done
Event: 28.770 Loading class java/util/concurrent/ArrayBlockingQueue
Event: 28.771 Loading class java/util/concurrent/ArrayBlockingQueue done

Classes unloaded (20 events):
Event: 27.399 Thread 0x0000020466c9afc0 Unloading class 0x0000020401630400 'java/lang/invoke/LambdaForm$MH+0x0000020401630400'
Event: 27.399 Thread 0x0000020466c9afc0 Unloading class 0x0000020401589800 'java/lang/invoke/LambdaForm$MH+0x0000020401589800'
Event: 27.399 Thread 0x0000020466c9afc0 Unloading class 0x0000020401589400 'java/lang/invoke/LambdaForm$MH+0x0000020401589400'
Event: 27.399 Thread 0x0000020466c9afc0 Unloading class 0x0000020401589000 'java/lang/invoke/LambdaForm$MH+0x0000020401589000'
Event: 27.399 Thread 0x0000020466c9afc0 Unloading class 0x0000020401588400 'java/lang/invoke/LambdaForm$MH+0x0000020401588400'
Event: 27.399 Thread 0x0000020466c9afc0 Unloading class 0x0000020401588800 'java/lang/invoke/LambdaForm$MH+0x0000020401588800'
Event: 27.399 Thread 0x0000020466c9afc0 Unloading class 0x0000020401588000 'java/lang/invoke/LambdaForm$MH+0x0000020401588000'
Event: 27.399 Thread 0x0000020466c9afc0 Unloading class 0x0000020401587800 'java/lang/invoke/LambdaForm$MH+0x0000020401587800'
Event: 27.399 Thread 0x0000020466c9afc0 Unloading class 0x0000020401587400 'java/lang/invoke/LambdaForm$MH+0x0000020401587400'
Event: 27.399 Thread 0x0000020466c9afc0 Unloading class 0x0000020401587000 'java/lang/invoke/LambdaForm$MH+0x0000020401587000'
Event: 27.399 Thread 0x0000020466c9afc0 Unloading class 0x0000020401586c00 'java/lang/invoke/LambdaForm$MH+0x0000020401586c00'
Event: 27.399 Thread 0x0000020466c9afc0 Unloading class 0x0000020401586400 'java/lang/invoke/LambdaForm$MH+0x0000020401586400'
Event: 27.399 Thread 0x0000020466c9afc0 Unloading class 0x0000020401586800 'java/lang/invoke/LambdaForm$MH+0x0000020401586800'
Event: 27.399 Thread 0x0000020466c9afc0 Unloading class 0x0000020401585c00 'java/lang/invoke/LambdaForm$MH+0x0000020401585c00'
Event: 27.399 Thread 0x0000020466c9afc0 Unloading class 0x0000020401585400 'java/lang/invoke/LambdaForm$MH+0x0000020401585400'
Event: 27.399 Thread 0x0000020466c9afc0 Unloading class 0x0000020401585800 'java/lang/invoke/LambdaForm$MH+0x0000020401585800'
Event: 27.399 Thread 0x0000020466c9afc0 Unloading class 0x0000020401585000 'java/lang/invoke/LambdaForm$MH+0x0000020401585000'
Event: 27.399 Thread 0x0000020466c9afc0 Unloading class 0x0000020401584800 'java/lang/invoke/LambdaForm$MH+0x0000020401584800'
Event: 27.399 Thread 0x0000020466c9afc0 Unloading class 0x0000020401584c00 'java/lang/invoke/LambdaForm$MH+0x0000020401584c00'
Event: 27.399 Thread 0x0000020466c9afc0 Unloading class 0x0000020401584000 'java/lang/invoke/LambdaForm$MH+0x0000020401584000'

Classes redefined (0 events):
No events

Internal exceptions (20 events):
Event: 27.527 Thread 0x0000020442c24430 Exception <a 'java/io/FileNotFoundException'{0x00000000d5a94aa8}> (0x00000000d5a94aa8) 
thrown [s\src\hotspot\share\prims\jni.cpp, line 520]
Event: 27.527 Thread 0x0000020442c24430 Exception <a 'java/io/FileNotFoundException'{0x00000000d5a95808}> (0x00000000d5a95808) 
thrown [s\src\hotspot\share\prims\jni.cpp, line 520]
Event: 27.566 Thread 0x0000020442c24ac0 Exception <a 'sun/nio/fs/WindowsException'{0x00000000d602f530}> (0x00000000d602f530) 
thrown [s\src\hotspot\share\prims\jni.cpp, line 520]
Event: 27.566 Thread 0x0000020442c24ac0 Exception <a 'sun/nio/fs/WindowsException'{0x00000000d602fe10}> (0x00000000d602fe10) 
thrown [s\src\hotspot\share\prims\jni.cpp, line 520]
Event: 27.567 Thread 0x0000020442c24ac0 Exception <a 'sun/nio/fs/WindowsException'{0x00000000d6031078}> (0x00000000d6031078) 
thrown [s\src\hotspot\share\prims\jni.cpp, line 520]
Event: 27.567 Thread 0x0000020442c24ac0 Exception <a 'sun/nio/fs/WindowsException'{0x00000000d6031958}> (0x00000000d6031958) 
thrown [s\src\hotspot\share\prims\jni.cpp, line 520]
Event: 27.572 Thread 0x0000020449223f70 Exception <a 'java/lang/IncompatibleClassChangeError'{0x00000000d608b2c8}: Found class java.lang.Object, but interface was expected> (0x00000000d608b2c8) 
thrown [s\src\hotspot\share\interpreter\linkResolver.cpp, line 840]
Event: 27.573 Thread 0x0000020442c24ac0 Exception <a 'java/io/FileNotFoundException'{0x00000000d6049158}> (0x00000000d6049158) 
thrown [s\src\hotspot\share\prims\jni.cpp, line 520]
Event: 27.573 Thread 0x0000020442c24ac0 Exception <a 'java/io/FileNotFoundException'{0x00000000d6049ee0}> (0x00000000d6049ee0) 
thrown [s\src\hotspot\share\prims\jni.cpp, line 520]
Event: 27.580 Thread 0x0000020442c24ac0 Exception <a 'sun/nio/fs/WindowsException'{0x00000000d6151930}> (0x00000000d6151930) 
thrown [s\src\hotspot\share\prims\jni.cpp, line 520]
Event: 27.580 Thread 0x0000020442c24ac0 Exception <a 'sun/nio/fs/WindowsException'{0x00000000d6152210}> (0x00000000d6152210) 
thrown [s\src\hotspot\share\prims\jni.cpp, line 520]
Event: 27.581 Thread 0x0000020442c24ac0 Exception <a 'sun/nio/fs/WindowsException'{0x00000000d6153450}> (0x00000000d6153450) 
thrown [s\src\hotspot\share\prims\jni.cpp, line 520]
Event: 27.581 Thread 0x0000020442c24ac0 Exception <a 'sun/nio/fs/WindowsException'{0x00000000d6153d30}> (0x00000000d6153d30) 
thrown [s\src\hotspot\share\prims\jni.cpp, line 520]
Event: 27.611 Thread 0x0000020442c24ac0 Exception <a 'sun/nio/fs/WindowsException'{0x00000000d627da58}> (0x00000000d627da58) 
thrown [s\src\hotspot\share\prims\jni.cpp, line 520]
Event: 27.612 Thread 0x0000020442c24ac0 Exception <a 'sun/nio/fs/WindowsException'{0x00000000d627e338}> (0x00000000d627e338) 
thrown [s\src\hotspot\share\prims\jni.cpp, line 520]
Event: 28.711 Thread 0x0000020442c26500 Exception <a 'java/io/FileNotFoundException'{0x00000000d5889358}> (0x00000000d5889358) 
thrown [s\src\hotspot\share\prims\jni.cpp, line 520]
Event: 28.711 Thread 0x0000020449223250 Exception <a 'java/io/FileNotFoundException'{0x00000000d588c830}> (0x00000000d588c830) 
thrown [s\src\hotspot\share\prims\jni.cpp, line 520]
Event: 28.711 Thread 0x0000020442c26500 Exception <a 'java/io/FileNotFoundException'{0x00000000d588a0c8}> (0x00000000d588a0c8) 
thrown [s\src\hotspot\share\prims\jni.cpp, line 520]
Event: 28.742 Thread 0x0000020442c26500 Exception <a 'java/lang/NoSuchMethodError'{0x00000000d5c389b8}: 'int java.lang.invoke.DirectMethodHandle$Holder.invokeSpecialIFC(java.lang.Object, java.lang.Object, java.lang.Object)'> (0x00000000d5c389b8) 
thrown [s\src\hotspot\share\interpreter\linkResolver.cpp, line 773]
Event: 28.807 Thread 0x0000020449485ec0 Exception <a 'java/lang/NoSuchMethodError'{0x00000000d63663c8}: 'void java.lang.invoke.DirectMethodHandle$Holder.invokeVirtual(java.lang.Object, java.lang.Object, java.lang.Object, java.lang.Object, java.lang.Object)'> (0x00000000d63663c8) 
thrown [s\src\hotspot\share\interpreter\linkResolver.cpp, line 773]

ZGC Phase Switch (0 events):
No events

VM Operations (20 events):
Event: 27.072 Executing VM operation: ParallelGCFailedAllocation (Allocation Failure)
Event: 27.075 Executing VM operation: ParallelGCFailedAllocation (Allocation Failure) done
Event: 27.198 Executing VM operation: HandshakeAllThreads (Deoptimize)
Event: 27.199 Executing VM operation: HandshakeAllThreads (Deoptimize) done
Event: 27.380 Executing VM operation: CollectForMetadataAllocation (Metadata GC Threshold)
Event: 27.482 Executing VM operation: CollectForMetadataAllocation (Metadata GC Threshold) done
Event: 27.495 Executing VM operation: HandshakeAllThreads (Deoptimize)
Event: 27.499 Executing VM operation: HandshakeAllThreads (Deoptimize) done
Event: 27.501 Executing VM operation: HandshakeAllThreads (Deoptimize)
Event: 27.507 Executing VM operation: HandshakeAllThreads (Deoptimize) done
Event: 28.507 Executing VM operation: Cleanup
Event: 28.686 Executing VM operation: Cleanup done
Event: 28.692 Executing VM operation: ParallelGCFailedAllocation (Allocation Failure)
Event: 28.693 Executing VM operation: ParallelGCFailedAllocation (Allocation Failure) done
Event: 28.701 Executing VM operation: HandshakeAllThreads (Deoptimize)
Event: 28.701 Executing VM operation: HandshakeAllThreads (Deoptimize) done
Event: 28.714 Executing VM operation: HandshakeAllThreads (Deoptimize)
Event: 28.715 Executing VM operation: HandshakeAllThreads (Deoptimize) done
Event: 29.715 Executing VM operation: Cleanup
Event: 29.715 Executing VM operation: Cleanup done

Memory protections (0 events):
No events

Nmethod flushes (20 events):
Event: 27.417 Thread 0x0000020466c9afc0 flushing  nmethod 0x000002046c93e590
Event: 27.417 Thread 0x0000020466c9afc0 flushing  nmethod 0x000002046c93f790
Event: 27.417 Thread 0x0000020466c9afc0 flushing  nmethod 0x000002046c940e90
Event: 27.417 Thread 0x0000020466c9afc0 flushing  nmethod 0x000002046c956d10
Event: 27.417 Thread 0x0000020466c9afc0 flushing  nmethod 0x000002046c958590
Event: 27.417 Thread 0x0000020466c9afc0 flushing  nmethod 0x000002046c958b90
Event: 27.417 Thread 0x0000020466c9afc0 flushing  nmethod 0x000002046c959410
Event: 27.417 Thread 0x0000020466c9afc0 flushing  nmethod 0x000002046c959b10
Event: 27.417 Thread 0x0000020466c9afc0 flushing  nmethod 0x000002046c95d010
Event: 27.417 Thread 0x0000020466c9afc0 flushing  nmethod 0x000002046c95fc90
Event: 27.417 Thread 0x0000020466c9afc0 flushing  nmethod 0x000002046c975c90
Event: 27.417 Thread 0x0000020466c9afc0 flushing  nmethod 0x000002046c97f390
Event: 27.417 Thread 0x0000020466c9afc0 flushing  nmethod 0x000002046c99da90
Event: 27.417 Thread 0x0000020466c9afc0 flushing  nmethod 0x000002046c99e310
Event: 27.417 Thread 0x0000020466c9afc0 flushing  nmethod 0x000002046c9aa210
Event: 27.417 Thread 0x0000020466c9afc0 flushing  nmethod 0x000002046c9abd10
Event: 27.417 Thread 0x0000020466c9afc0 flushing  nmethod 0x000002046c9ad610
Event: 27.417 Thread 0x0000020466c9afc0 flushing  nmethod 0x000002046c9b2710
Event: 27.417 Thread 0x0000020466c9afc0 flushing  nmethod 0x000002046c9b3110
Event: 27.417 Thread 0x0000020466c9afc0 flushing  nmethod 0x000002046c9bac90

Events (20 events):
Event: 20.167 Thread 0x0000020468f2f230 Thread added: 0x0000020449222530
Event: 20.167 Thread 0x0000020468f2f230 Thread added: 0x0000020449225320
Event: 20.167 Thread 0x0000020468f2f230 Thread added: 0x0000020449221ea0
Event: 20.167 Thread 0x0000020468f2f230 Thread added: 0x0000020449222bc0
Event: 20.168 Thread 0x0000020468f2f230 Thread added: 0x00000204492238e0
Event: 20.168 Thread 0x0000020468f2f230 Thread added: 0x00000204492259b0
Event: 20.168 Thread 0x0000020468f2f230 Thread added: 0x0000020449226040
Event: 20.168 Thread 0x0000020468f2f230 Thread added: 0x0000020449224600
Event: 20.177 Thread 0x0000020442c24ac0 Thread added: 0x0000020449223250
Event: 20.180 Thread 0x0000020468f2f230 Thread added: 0x00000204492266d0
Event: 20.433 Thread 0x0000020449223250 Thread added: 0x0000020449226d60
Event: 20.512 Thread 0x0000020468f2f230 Thread added: 0x00000204492273f0
Event: 20.512 Thread 0x0000020468f2f230 Thread added: 0x0000020449223f70
Event: 22.401 Thread 0x0000020442c23da0 Thread added: 0x00000204492294c0
Event: 22.402 Thread 0x00000204492294c0 Thread added: 0x0000020449228110
Event: 22.402 Thread 0x0000020449228110 Thread added: 0x00000204492287a0
Event: 24.043 Thread 0x0000020449223f70 Thread added: 0x0000020449485830
Event: 27.508 Thread 0x0000020449228110 Thread added: 0x00000204494830d0
Event: 28.762 Thread 0x0000020449223250 Thread added: 0x00000204494851a0
Event: 28.771 Thread 0x0000020449223250 Thread added: 0x0000020449485ec0


Dynamic libraries:
0x00007ff699b40000 - 0x00007ff699b4e000 	c:\Users\matte\.vscode\extensions\redhat.java-1.47.0-win32-x64\jre\21.0.8-win32-x86_64\bin\java.exe
0x00007ffe703e0000 - 0x00007ffe70648000 	C:\WINDOWS\SYSTEM32\ntdll.dll
0x00007ffe6f180000 - 0x00007ffe6f249000 	C:\WINDOWS\System32\KERNEL32.DLL
0x00007ffe6d890000 - 0x00007ffe6dc88000 	C:\WINDOWS\System32\KERNELBASE.dll
0x00007ffe6dd50000 - 0x00007ffe6de9b000 	C:\WINDOWS\System32\ucrtbase.dll
0x00007ffe30e70000 - 0x00007ffe30e88000 	c:\Users\matte\.vscode\extensions\redhat.java-1.47.0-win32-x64\jre\21.0.8-win32-x86_64\bin\jli.dll
0x00007ffe6eb20000 - 0x00007ffe6ece7000 	C:\WINDOWS\System32\USER32.dll
0x00007ffe6dc90000 - 0x00007ffe6dcb7000 	C:\WINDOWS\System32\win32u.dll
0x00007ffe702a0000 - 0x00007ffe702cb000 	C:\WINDOWS\System32\GDI32.dll
0x00007ffe6d760000 - 0x00007ffe6d88c000 	C:\WINDOWS\System32\gdi32full.dll
0x00007ffe305a0000 - 0x00007ffe305be000 	c:\Users\matte\.vscode\extensions\redhat.java-1.47.0-win32-x64\jre\21.0.8-win32-x86_64\bin\VCRUNTIME140.dll
0x00007ffe6e010000 - 0x00007ffe6e0b3000 	C:\WINDOWS\System32\msvcp_win.dll
0x00007ffe50da0000 - 0x00007ffe51034000 	C:\WINDOWS\WinSxS\amd64_microsoft.windows.common-controls_6595b64144ccf1df_6.0.26100.7019_none_3e06ffa0e335b8a8\COMCTL32.dll
0x00007ffe702d0000 - 0x00007ffe70379000 	C:\WINDOWS\System32\msvcrt.dll
0x00007ffe6f140000 - 0x00007ffe6f171000 	C:\WINDOWS\System32\IMM32.DLL
0x00007ffe472b0000 - 0x00007ffe472bc000 	c:\Users\matte\.vscode\extensions\redhat.java-1.47.0-win32-x64\jre\21.0.8-win32-x86_64\bin\vcruntime140_1.dll
0x00007ffe1b580000 - 0x00007ffe1b60d000 	c:\Users\matte\.vscode\extensions\redhat.java-1.47.0-win32-x64\jre\21.0.8-win32-x86_64\bin\msvcp140.dll
0x00007ffe1a5e0000 - 0x00007ffe1b377000 	c:\Users\matte\.vscode\extensions\redhat.java-1.47.0-win32-x64\jre\21.0.8-win32-x86_64\bin\server\jvm.dll
0x00007ffe6e190000 - 0x00007ffe6e244000 	C:\WINDOWS\System32\ADVAPI32.dll
0x00007ffe6ea70000 - 0x00007ffe6eb16000 	C:\WINDOWS\System32\sechost.dll
0x00007ffe6f3c0000 - 0x00007ffe6f4d8000 	C:\WINDOWS\System32\RPCRT4.dll
0x00007ffe6f340000 - 0x00007ffe6f3b4000 	C:\WINDOWS\System32\WS2_32.dll
0x00007ffe6d3b0000 - 0x00007ffe6d40e000 	C:\WINDOWS\SYSTEM32\POWRPROF.dll
0x00007ffe69e70000 - 0x00007ffe69ea5000 	C:\WINDOWS\SYSTEM32\WINMM.dll
0x00007ffe66720000 - 0x00007ffe6672b000 	C:\WINDOWS\SYSTEM32\VERSION.dll
0x00007ffe6d390000 - 0x00007ffe6d3a4000 	C:\WINDOWS\SYSTEM32\UMPDC.dll
0x00007ffe6c2b0000 - 0x00007ffe6c2cb000 	C:\WINDOWS\SYSTEM32\kernel.appcore.dll
0x00007ffe471e0000 - 0x00007ffe471ea000 	c:\Users\matte\.vscode\extensions\redhat.java-1.47.0-win32-x64\jre\21.0.8-win32-x86_64\bin\jimage.dll
0x00007ffe6ab80000 - 0x00007ffe6adc2000 	C:\WINDOWS\SYSTEM32\DBGHELP.DLL
0x00007ffe6e6e0000 - 0x00007ffe6ea6b000 	C:\WINDOWS\System32\combase.dll
0x00007ffe70150000 - 0x00007ffe70227000 	C:\WINDOWS\System32\OLEAUT32.dll
0x00007ffe69e30000 - 0x00007ffe69e6c000 	C:\WINDOWS\SYSTEM32\dbgcore.DLL
0x00007ffe6d6b0000 - 0x00007ffe6d755000 	C:\WINDOWS\System32\bcryptPrimitives.dll
0x00007ffe46fd0000 - 0x00007ffe46fdf000 	c:\Users\matte\.vscode\extensions\redhat.java-1.47.0-win32-x64\jre\21.0.8-win32-x86_64\bin\instrument.dll
0x00007ffe30150000 - 0x00007ffe3016f000 	c:\Users\matte\.vscode\extensions\redhat.java-1.47.0-win32-x64\jre\21.0.8-win32-x86_64\bin\java.dll
0x00007ffe6f810000 - 0x00007ffe6ff61000 	C:\WINDOWS\System32\SHELL32.dll
0x00007ffe6dea0000 - 0x00007ffe6e00b000 	C:\WINDOWS\System32\wintypes.dll
0x00007ffe6b120000 - 0x00007ffe6b97d000 	C:\WINDOWS\SYSTEM32\windows.storage.dll
0x00007ffe6f4e0000 - 0x00007ffe6f5d2000 	C:\WINDOWS\System32\SHCORE.dll
0x00007ffe6f2d0000 - 0x00007ffe6f337000 	C:\WINDOWS\System32\shlwapi.dll
0x00007ffe6d450000 - 0x00007ffe6d479000 	C:\WINDOWS\SYSTEM32\profapi.dll
0x00007ffe2fbc0000 - 0x00007ffe2fbd8000 	c:\Users\matte\.vscode\extensions\redhat.java-1.47.0-win32-x64\jre\21.0.8-win32-x86_64\bin\zip.dll
0x00007ffe44240000 - 0x00007ffe44250000 	C:\Users\matte\.vscode\extensions\redhat.java-1.47.0-win32-x64\jre\21.0.8-win32-x86_64\bin\net.dll
0x00007ffe66060000 - 0x00007ffe66188000 	C:\WINDOWS\SYSTEM32\WINHTTP.dll
0x00007ffe6c800000 - 0x00007ffe6c86b000 	C:\WINDOWS\system32\mswsock.dll
0x00007ffe277c0000 - 0x00007ffe277d6000 	C:\Users\matte\.vscode\extensions\redhat.java-1.47.0-win32-x64\jre\21.0.8-win32-x86_64\bin\nio.dll
0x00007ffe467b0000 - 0x00007ffe467c0000 	c:\Users\matte\.vscode\extensions\redhat.java-1.47.0-win32-x64\jre\21.0.8-win32-x86_64\bin\verify.dll
0x00007ffe2ff90000 - 0x00007ffe2ffd4000 	C:\Users\matte\AppData\Roaming\Code\User\globalStorage\redhat.java\1.47.0\config_win\org.eclipse.equinox.launcher\org.eclipse.equinox.launcher.win32.win32.x86_64_1.2.1400.v20250801-0854\eclipse_11916.dll
0x00007ffe6ecf0000 - 0x00007ffe6ee87000 	C:\WINDOWS\System32\ole32.dll
0x00007ffe6cbf0000 - 0x00007ffe6cc0b000 	C:\WINDOWS\SYSTEM32\CRYPTSP.dll
0x00007ffe6c210000 - 0x00007ffe6c24a000 	C:\WINDOWS\system32\rsaenh.dll
0x00007ffe6c8b0000 - 0x00007ffe6c8db000 	C:\WINDOWS\SYSTEM32\USERENV.dll
0x00007ffe6d420000 - 0x00007ffe6d44a000 	C:\WINDOWS\SYSTEM32\bcrypt.dll
0x00007ffe6ca50000 - 0x00007ffe6ca5c000 	C:\WINDOWS\SYSTEM32\CRYPTBASE.dll
0x00007ffe6bc90000 - 0x00007ffe6bcc4000 	C:\WINDOWS\SYSTEM32\IPHLPAPI.DLL
0x00007ffe70230000 - 0x00007ffe7023a000 	C:\WINDOWS\System32\NSI.dll
0x00007ffe21b00000 - 0x00007ffe21b49000 	C:\Users\matte\AppData\Local\Temp\jna-74116017\jna5886313786046093288.dll
0x00007ffe6efa0000 - 0x00007ffe6efa8000 	C:\WINDOWS\System32\PSAPI.DLL
0x00007ffe66030000 - 0x00007ffe6604e000 	C:\WINDOWS\SYSTEM32\dhcpcsvc6.DLL
0x00007ffe65fc0000 - 0x00007ffe65fe3000 	C:\WINDOWS\SYSTEM32\dhcpcsvc.DLL

JVMTI agents:
c:\Users\matte\.vscode\extensions\redhat.java-1.47.0-win32-x64\lombok\lombok-1.18.39-4050.jar path:c:\Users\matte\.vscode\extensions\redhat.java-1.47.0-win32-x64\jre\21.0.8-win32-x86_64\bin\instrument.dll, loaded, initialized, instrumentlib options:none

dbghelp: loaded successfully - version: 4.0.5 - missing functions: none
symbol engine: initialized successfully - sym options: 0x614 - pdb path: .;c:\Users\matte\.vscode\extensions\redhat.java-1.47.0-win32-x64\jre\21.0.8-win32-x86_64\bin;C:\WINDOWS\SYSTEM32;C:\WINDOWS\WinSxS\amd64_microsoft.windows.common-controls_6595b64144ccf1df_6.0.26100.7019_none_3e06ffa0e335b8a8;c:\Users\matte\.vscode\extensions\redhat.java-1.47.0-win32-x64\jre\21.0.8-win32-x86_64\bin\server;C:\Users\matte\AppData\Roaming\Code\User\globalStorage\redhat.java\1.47.0\config_win\org.eclipse.equinox.launcher\org.eclipse.equinox.launcher.win32.win32.x86_64_1.2.1400.v20250801-0854;C:\Users\matte\AppData\Local\Temp\jna-74116017

VM Arguments:
jvm_args: --add-modules=ALL-SYSTEM --add-opens=java.base/java.util=ALL-UNNAMED --add-opens=java.base/java.lang=ALL-UNNAMED --add-opens=java.base/sun.nio.fs=ALL-UNNAMED -Declipse.application=org.eclipse.jdt.ls.core.id1 -Dosgi.bundles.defaultStartLevel=4 -Declipse.product=org.eclipse.jdt.ls.core.product -Djava.import.generatesMetadataFilesAtProjectRoot=false -DDetectVMInstallationsJob.disabled=true -Dfile.encoding=utf8 -XX:+UseParallelGC -XX:GCTimeRatio=4 -XX:AdaptiveSizePolicyWeight=90 -Dsun.zip.disableMemoryMapping=true -Xmx2G -Xms100m -Xlog:disable -javaagent:c:\Users\matte\.vscode\extensions\redhat.java-1.47.0-win32-x64\lombok\lombok-1.18.39-4050.jar -XX:+HeapDumpOnOutOfMemoryError -XX:HeapDumpPath=c:\Users\matte\AppData\Roaming\Code\User\workspaceStorage\86f49aae5fcfd48ab032d6b9caee0522\redhat.java -Daether.dependencyCollector.impl=bf 
java_command: c:\Users\matte\.vscode\extensions\redhat.java-1.47.0-win32-x64\server\plugins\org.eclipse.equinox.launcher_1.7.100.v20251014-1222.jar -configuration c:\Users\matte\AppData\Roaming\Code\User\globalStorage\redhat.java\1.47.0\config_win -data c:\Users\matte\AppData\Roaming\Code\User\workspaceStorage\86f49aae5fcfd48ab032d6b9caee0522\redhat.java\jdt_ws --pipe=\\.\pipe\lsp-ee5f9a2043fbcfc66d9bc81c70830f57-sock
java_class_path (initial): c:\Users\matte\.vscode\extensions\redhat.java-1.47.0-win32-x64\server\plugins\org.eclipse.equinox.launcher_1.7.100.v20251014-1222.jar
Launcher Type: SUN_STANDARD

[Global flags]
    uintx AdaptiveSizePolicyWeight                 = 90                                        {product} {command line}
     intx CICompilerCount                          = 4                                         {product} {ergonomic}
    uintx GCTimeRatio                              = 4                                         {product} {command line}
     bool HeapDumpOnOutOfMemoryError               = true                                   {manageable} {command line}
    ccstr HeapDumpPath                             = c:\Users\matte\AppData\Roaming\Code\User\workspaceStorage\86f49aae5fcfd48ab032d6b9caee0522\redhat.java         {manageable} {command line}
   size_t InitialHeapSize                          = 104857600                                 {product} {command line}
   size_t MaxHeapSize                              = 2147483648                                {product} {command line}
   size_t MaxNewSize                               = 715653120                                 {product} {ergonomic}
   size_t MinHeapDeltaBytes                        = 524288                                    {product} {ergonomic}
   size_t MinHeapSize                              = 104857600                                 {product} {command line}
   size_t NewSize                                  = 34603008                                  {product} {ergonomic}
    uintx NonNMethodCodeHeapSize                   = 5839372                                {pd product} {ergonomic}
    uintx NonProfiledCodeHeapSize                  = 122909434                              {pd product} {ergonomic}
   size_t OldSize                                  = 70254592                                  {product} {ergonomic}
    uintx ProfiledCodeHeapSize                     = 122909434                              {pd product} {ergonomic}
    uintx ReservedCodeCacheSize                    = 251658240                              {pd product} {ergonomic}
     bool SegmentedCodeCache                       = true                                      {product} {ergonomic}
   size_t SoftMaxHeapSize                          = 2147483648                             {manageable} {ergonomic}
     bool UseCompressedOops                        = true                           {product lp64_product} {ergonomic}
     bool UseLargePagesIndividualAllocation        = false                                  {pd product} {ergonomic}
     bool UseParallelGC                            = true                                      {product} {command line}

Logging:
Log output configuration:
 #0: stdout all=off uptime,level,tags foldmultilines=false
 #1: stderr all=off uptime,level,tags foldmultilines=false

Environment Variables:
PATH=C:\Program Files\Common Files\Oracle\Java\javapath;C:\Program Files (x86)\Razer Chroma SDK\bin;C:\Program Files\Razer Chroma SDK\bin;C:\WINDOWS\system32;C:\WINDOWS;C:\WINDOWS\System32\Wbem;C:\WINDOWS\System32\WindowsPowerShell\v1.0\;C:\WINDOWS\System32\OpenSSH\;C:\WINDOWS\system32\config\systemprofile\AppData\Local\Microsoft\WindowsApps;C:\Program Files (x86)\Razer\ChromaBroadcast\bin;C:\Program Files\Razer\ChromaBroadcast\bin;C:\Users\matte\AppData\Local\Microsoft\WindowsApps;C:\Program Files\dotnet\;C:\msys64\ucrt64\bin;C:\Program Files (x86)\Windows Kits\10\Windows Performance Toolkit\;C:\Program Files\Git\cmd;C:\Users\matte\AppData\Local\Microsoft\WindowsApps;C:\Users\matte\AppData\Local\Programs\Microsoft VS Code\bin
USERNAME=Matte
OS=Windows_NT
PROCESSOR_IDENTIFIER=Intel64 Family 6 Model 140 Stepping 1, GenuineIntel
TMP=C:\Users\matte\AppData\Local\Temp
TEMP=C:\Users\matte\AppData\Local\Temp




Periodic native trim disabled

---------------  S Y S T E M  ---------------

OS:
 Windows 11 , 64 bit Build 26100 (10.0.26100.7019)
OS uptime: 0 days 0:53 hours
Hyper-V role detected

CPU: total 8 (initial active 8) (4 cores per cpu, 2 threads per core) family 6 model 140 stepping 1 microcode 0xba, cx8, cmov, fxsr, ht, mmx, 3dnowpref, sse, sse2, sse3, ssse3, sse4.1, sse4.2, popcnt, lzcnt, tsc, tscinvbit, avx, avx2, aes, erms, clmul, bmi1, bmi2, adx, avx512f, avx512dq, avx512cd, avx512bw, avx512vl, sha, fma, vzeroupper, avx512_vpopcntdq, avx512_vpclmulqdq, avx512_vaes, avx512_vnni, clflush, clflushopt, clwb, avx512_vbmi2, avx512_vbmi, hv, rdtscp, rdpid, fsrm, gfni, avx512_bitalg, f16c, cet_ibt, cet_ss, avx512_ifma
Processor Information for the first 8 processors :
  Max Mhz: 2803, Current Mhz: 2803, Mhz Limit: 2803

Memory: 4k page, system-wide physical 7975M (200M free)
TotalPageFile size 12071M (AvailPageFile size 6M)
current process WorkingSet (physical memory assigned to process): 260M, peak: 260M
current process commit charge ("private bytes"): 351M, peak: 352M

vm_info: OpenJDK 64-Bit Server VM (21.0.8+9-LTS) for windows-amd64 JRE (21.0.8+9-LTS), built on 2025-07-15T00:00:00Z by "admin" with MS VC++ 17.7 (VS2022)

END.
